../Core/Src/main.c:82:5:main	8	static
../Core/Src/main.c:131:6:SystemClock_Config	72	static
../Core/Src/main.c:168:13:MX_GPIO_Init	40	static
../Core/Src/main.c:220:6:HAL_GPIO_EXTI_Callback	16	static
../Core/Src/main.c:240:6:TrafficLCD	16	static
../Core/Src/main.c:250:6:SmartDelay	24	static
../Core/Src/main.c:260:6:TrafficSequance	24	static
../Core/Src/main.c:268:6:NormalStateOperation	8	static
../Core/Src/main.c:275:6:OffStateOperation	8	static
../Core/Src/main.c:284:6:EmergemcyStopOperation	8	static
../Core/Src/main.c:293:6:Error_Handler	4	static,ignoring_inline_asm
